[1m[92m    Updating[0m crates.io index
[1m[92m Downloading[0m crates ...
[1m[92m  Downloaded[0m dispatch2 v0.3.1
[1m[92m  Downloaded[0m getrandom v0.4.3
[1m[92m  Downloaded[0m thiserror-impl v2.0.21
[1m[92m  Downloaded[0m objc2-cloud-kit v0.3.2
[1m[92m  Downloaded[0m serde_core v1.0.229
[1m[92m  Downloaded[0m objc2-io-surface v0.3.2
[1m[92m  Downloaded[0m quote v1.0.45
[1m[92m  Downloaded[0m serde_derive v1.0.229
[1m[92m  Downloaded[0m cfg-if v1.0.4
[1m[92m  Downloaded[0m objc2-core-data v0.3.2
[1m[92m  Downloaded[0m objc2-core-video v0.3.2
[1m[92m  Downloaded[0m errno v0.3.14
[1m[92m  Downloaded[0m fastrand v2.3.0
[1m[92m  Downloaded[0m objc2-encode v4.1.0
[1m[92m  Downloaded[0m once_cell v1.21.3
[1m[92m  Downloaded[0m tempfile v3.27.0
[1m[92m  Downloaded[0m thiserror v2.0.21
[1m[92m  Downloaded[0m unicode-ident v1.0.24
[1m[92m  Downloaded[0m clipboard-rs v0.3.5
[1m[92m  Downloaded[0m objc2-quartz-core v0.3.2
[1m[92m  Downloaded[0m block2 v0.6.2
[1m[92m  Downloaded[0m bitflags v2.11.0
[1m[92m  Downloaded[0m proc-macro2 v1.0.106
[1m[92m  Downloaded[0m objc2-core-image v0.3.2
[1m[92m  Downloaded[0m serde v1.0.229
[1m[92m  Downloaded[0m objc2-core-graphics v0.3.2
[1m[92m  Downloaded[0m objc2-core-text v0.3.2
[1m[92m  Downloaded[0m objc2-core-foundation v0.3.2
[1m[92m  Downloaded[0m objc2 v0.6.4
[1m[92m  Downloaded[0m syn v3.0.3
[1m[92m  Downloaded[0m objc2-foundation v0.3.2
[1m[92m  Downloaded[0m objc2-app-kit v0.3.2
[1m[92m  Downloaded[0m rustix v1.1.4
[1m[92m  Downloaded[0m libc v0.2.189
[1m[92m   Compiling[0m objc2 v0.6.4
[1m[92m   Compiling[0m objc2-encode v4.1.0
[1m[92m   Compiling[0m libc v0.2.189
[1m[92m   Compiling[0m bitflags v2.11.0
[1m[92m   Compiling[0m proc-macro2 v1.0.106
[1m[92m   Compiling[0m quote v1.0.45
[1m[92m   Compiling[0m unicode-ident v1.0.24
[1m[92m   Compiling[0m rustix v1.1.4
[1m[92m   Compiling[0m getrandom v0.4.3
[1m[92m   Compiling[0m objc2-core-foundation v0.3.2
[1m[92m   Compiling[0m block2 v0.6.2
[1m[92m   Compiling[0m syn v3.0.3
[1m[92m   Compiling[0m serde_core v1.0.229
[1m[92m   Compiling[0m errno v0.3.14
[1m[92m   Compiling[0m thiserror v2.0.21
[1m[92m   Compiling[0m serde v1.0.229
[1m[92m   Compiling[0m objc2-foundation v0.3.2
[1m[92m   Compiling[0m objc2-core-video v0.3.2
[1m[92m   Compiling[0m objc2-core-text v0.3.2
[1m[92m   Compiling[0m objc2-core-graphics v0.3.2
[1m[92m   Compiling[0m cfg-if v1.0.4
[1m[92m   Compiling[0m serde_derive v1.0.229
[1m[92m   Compiling[0m thiserror-impl v2.0.21
[1m[92m   Compiling[0m once_cell v1.21.3
[1m[92m   Compiling[0m fastrand v2.3.0
[1m[92m   Compiling[0m tempfile v3.27.0
[1m[92m   Compiling[0m objc2-quartz-core v0.3.2
[1m[92m   Compiling[0m objc2-core-image v0.3.2
[1m[92m   Compiling[0m objc2-core-data v0.3.2
[1m[92m   Compiling[0m objc2-cloud-kit v0.3.2
[1m[92m   Compiling[0m objc2-app-kit v0.3.2
[1m[92m   Compiling[0m clipboard-rs v0.3.5
[1m[92m   Compiling[0m native-macos-clipboard-probe v0.1.0 (/Users/runner/work/tauri-explorer/tauri-explorer/docs/reviews/846-macos-clipboard-probe)
[1m[92m    Finished[0m `test` profile [unoptimized + debuginfo] target(s) in 45.61s
[1m[92m     Running[0m unittests src/lib.rs (docs/reviews/846-macos-clipboard-probe/target/debug/deps/native_macos_clipboard_probe-6769b52dd821b41c)
clipboard::macos::native_clipboard_tests::native_clipboard_ownership_round_trip: test

1 test, 0 benchmarks
